{"synthetic": false,
 "schemaVersion": "2025-09-10",
 "outputs":
 {"o": ["d29e06d7b0bba715.olean"],
  "i": "85b85ce9bcc19efc.ilean",
  "c": "152a790ccb79f40d.c"},
 "log":
 [{"message":
   ".> LEAN_PATH=/home/csong/project/kanalyzer/proof/lean/.lake/build/lib/lean /home/csong/.elan/toolchains/leanprover--lean4---v4.28.0/bin/lean /home/csong/project/kanalyzer/proof/lean/CompositionalCFL.lean -o /home/csong/project/kanalyzer/proof/lean/.lake/build/lib/lean/CompositionalCFL.olean -i /home/csong/project/kanalyzer/proof/lean/.lake/build/lib/lean/CompositionalCFL.ilean -c /home/csong/project/kanalyzer/proof/lean/.lake/build/ir/CompositionalCFL.c --setup /home/csong/project/kanalyzer/proof/lean/.lake/build/ir/CompositionalCFL.setup.json --json",
   "level": "trace"}],
 "inputs":
 [["CompositionalCFL:deps",
   [["deps",
     [["«compositional-cfl-proof»/CompositionalCFL:extraDep",
       [["@«compositional-cfl-proof»:extraDep", "00000000000006bb"]]],
      ["imports",
       [["CompositionalCFL.Core transitive imports (legacy)",
         "00000000000006bb"],
        ["CompositionalCFL.Core:importAllArts", "6f7005f8c1fe9f75"]]]]],
    ["libs",
     [["import dynlibs", "00000000000006bb"],
      ["package external libraries", "00000000000006bb"],
      ["module dynlibs", "00000000000006bb"],
      ["module plugins", "00000000000006bb"]]]]],
  ["Lean 4.28.0, commit 7e01a1bf5c70fc6167d49c345d3bf80596e9a79b",
   "a96bc04a2e5e9630"],
  ["/home/csong/project/kanalyzer/proof/lean/CompositionalCFL.lean",
   "b21e3d08bcb49666"],
  ["options", "00000000000006bb"],
  ["Module.leanArgs: #[]", "00000000000006bb"]],
 "depHash": "d65e7de95fb6c40c"}